// Jest Snapshot v1, https://goo.gl/fbAQLP

exports[`Componente de listagem de transações O snapshot do componente deve permanecer sempre o mesmo 1`] = `
<div
  data-testid="transacoes"
>
  <div
    class="transacao-container"
  >
    <p>
      01/11/2020
    </p>
    <p />
    <p>
      R$ 
      1000.00
    </p>
  </div>
  <div
    class="transacao-container"
  >
    <p>
      03/11/2020
    </p>
    <p />
    <p>
      R$ 
      200.00
    </p>
  </div>
</div>
`;
